// Jest Snapshot v1, https://goo.gl/fbAQLP

exports[`Game card should render Game card component 1`] = `
<div>
  <div
    class="game-card"
  >
    <div
      class="game-card__cover-wrapper"
    >
      <img
        alt="Game Name"
        class="game-card__cover"
        src="test-file-stub"
      />
    </div>
    <div
      class="game-card__details-container"
    >
      <div
        class="game-card__info"
      >
        <h3
          class="game-card__title"
        >
          Game Name
        </h3>
        <img
          alt="Star rating"
          class="game-card__rating"
          src="test-file-stub"
        />
      </div>
      <div
        class="game-card__info"
      >
        <p
          class="game-card__company"
        >
          Company Name
        </p>
        <p
          class="game-card__price"
        >
          $
          99.99
        </p>
      </div>
    </div>
  </div>
</div>
`;
